[dotenv@17.3.1] injecting env (8) from .env -- tip: 🔐 prevent building .env in docker: https://dotenvx.com/prebuild
[dotenv@17.3.1] injecting env (0) from .env -- tip: 🛠️  run anywhere with `dotenvx run -- yourcommand`
🚀 Chatbot Server is running on http://localhost:3000
✅ Connected to Azure SQL Database
✅ User schema verified for Phone/Avatar
Fetch user error: TimeoutError: operation timed out for an unknown reason
    at /Users/mymac/Desktop/Data science/שנה ג/פרויקט גמר/מסכים/html5up-helios/Final_Project/node_modules/tarn/dist/PendingOperation.js:17:27
    at runNextTicks (node:internal/process/task_queues:65:5)
    at listOnTimeout (node:internal/timers:555:9)
    at process.processTimers (node:internal/timers:529:7)
Failed to get vehicles: TimeoutError: operation timed out for an unknown reason
    at /Users/mymac/Desktop/Data science/שנה ג/פרויקט גמר/מסכים/html5up-helios/Final_Project/node_modules/tarn/dist/PendingOperation.js:17:27
    at runNextTicks (node:internal/process/task_queues:65:5)
    at listOnTimeout (node:internal/timers:555:9)
    at process.processTimers (node:internal/timers:529:7)
Sync Error: TimeoutError: operation timed out for an unknown reason
    at /Users/mymac/Desktop/Data science/שנה ג/פרויקט גמר/מסכים/html5up-helios/Final_Project/node_modules/tarn/dist/PendingOperation.js:17:27
    at runNextTicks (node:internal/process/task_queues:65:5)
    at listOnTimeout (node:internal/timers:555:9)
    at process.processTimers (node:internal/timers:529:7)
